main.c:95:6:Ok_Mess	16	static
main.c:101:9:ADC_Pre_Buf_Read	32	static
main.c:133:6:ADC_Buf_Clean	16	static
main.c:141:6:ADC_Read	16	static
main.c:151:6:DAC_Write	24	static
main.c:161:6:Clean_RX	16	static
main.c:169:6:Parser	16	static
main.c:246:5:main	8	static
main.c:300:6:SystemClock_Config	88	static
main.c:347:13:MX_ADC1_Init	24	static
main.c:392:13:MX_SPI1_Init	8	static
main.c:428:13:MX_DMA_Init	16	static
main.c:446:13:MX_GPIO_Init	40	static
main.c:489:6:CDC_ReciveCallBack	16	static
main.c:499:6:HAL_GPIO_EXTI_Callback	16	static,ignoring_inline_asm
main.c:516:6:Error_Handler	4	static
