main.c:103:6:Ok_Mess	16	static
main.c:109:6:Start_Symbol	16	static
main.c:115:6:Stop_Symbol	16	static
main.c:121:6:ADC_Trigger_Mod	8	static
main.c:140:6:ADC_Stream_Mod	8	static
main.c:150:6:ADC_Trace_Mod	8	static
main.c:173:6:DAC_Write	24	static
main.c:191:5:main	8	static
main.c:268:6:SystemClock_Config	88	static
main.c:315:13:MX_ADC1_Init	24	static
main.c:360:13:MX_SPI1_Init	8	static
main.c:396:13:MX_DMA_Init	16	static
main.c:414:13:MX_GPIO_Init	40	static
main.c:467:6:CDC_ReciveCallBack	24	static
main.c:483:6:HAL_GPIO_EXTI_Callback	16	static,ignoring_inline_asm
main.c:496:7:HAL_ADC_ConvCpltCallback	16	static
main.c:534:6:HAL_ADC_ConvHalfCpltCallback	16	static
main.c:576:6:Error_Handler	4	static
